============================= test session starts ==============================
platform linux -- Python 3.13.5, pytest-9.0.2, pluggy-1.6.0
rootdir: /mnt/data/veritylake
configfile: pyproject.toml
testpaths: tests
plugins: anyio-4.13.0, ddtrace-4.4.0, Faker-40.1.2, asyncio-1.3.0, cov-7.0.0, json-report-1.5.0, metadata-3.1.1
asyncio: mode=Mode.STRICT, debug=False, asyncio_default_fixture_loop_scope=None, asyncio_default_test_loop_scope=function
collected 104 items / 5 skipped

tests/test_adapter_contracts.py ...................                      [ 18%]
tests/test_config_storage.py ....................                        [ 37%]
tests/test_crawler.py ...................                                [ 55%]
tests/test_embeddings_rag_api.py ..................                      [ 73%]
tests/test_publication_pipeline.py .............                         [ 85%]
tests/test_text_quality.py ...............                               [100%]

--------- generated xml file: /mnt/data/veritylake/reports/pytest.xml ----------
================================ tests coverage ================================
_______________ coverage: platform linux, python 3.13.5-final-0 ________________

Name                            Stmts   Miss Branch BrPart  Cover   Missing
---------------------------------------------------------------------------
src/veritylake/__init__.py          1      0      0      0   100%
src/veritylake/api.py             149     18     18      4    87%   51, 63, 66, 74-75, 132-135, 144-146, 155-156, 166-168, 174
src/veritylake/cli.py              80     27     26      5    60%   43-45, 54-55, 57, 62-85, 90
src/veritylake/config.py           83      3     12      2    93%   80, 84-85
src/veritylake/crawler.py         181     23     68     15    85%   46, 64, 68-69, 70->72, 95, 107-112, 128, 134, 145-146, 164, 179, 186, 191->193, 204, 206, 210-211, 213
src/veritylake/embeddings.py       69      7     28      7    84%   21, 40-41, 49->48, 51, 53, 57, 85->87, 88
src/veritylake/evaluation.py       22      1      6      1    93%   17
src/veritylake/lineage.py          36      5      4      1    85%   45-49
src/veritylake/logging.py          18      1      4      1    91%   16
src/veritylake/pipeline.py        184     12     38     13    89%   37, 43, 49, 58, 71, 74, 113->104, 119, 191, 205, 207, 225, 228
src/veritylake/publication.py      69      5     22      5    89%   39, 45, 53, 57, 66
src/veritylake/quality.py          44      3     14      1    93%   32, 35-36
src/veritylake/rag.py             112      6     24      4    91%   58-59, 67, 120, 126, 150
src/veritylake/storage.py         140     23     30      8    79%   45, 83, 132-143, 146, 161, 174, 177-178, 182, 188, 190, 192, 195->201, 205
src/veritylake/tables.py           52     37      6      0    26%   25-26, 29-39, 43-47, 51-59, 62-80
src/veritylake/text.py             74      1     22      6    93%   37->40, 42->40, 45->49, 47->49, 50, 81->92
src/veritylake/util.py             19      0      2      0   100%
src/veritylake/vectors.py          34      8     10      2    73%   10-17, 45, 52
---------------------------------------------------------------------------
TOTAL                            1367    180    334     75    83%
Coverage JSON written to file reports/coverage.json
=========================== short test summary info ============================
SKIPPED [1] tests/integration/test_airflow.py:3: Airflow is validated in its separate Docker image/job
SKIPPED [1] tests/integration/test_chroma.py:3: Native Chroma not installed in this test environment
SKIPPED [1] tests/integration/test_delta.py:3: Native DuckDB not installed in this test environment
SKIPPED [1] tests/integration/test_s3.py:4: moto not installed in this test environment
SKIPPED [1] tests/integration/test_service_stack.py:9: Set RUN_SERVICE_TESTS=1 and start the CI storage stack
======================== 104 passed, 5 skipped in 1.65s ========================
